::1 - - [20/May/2020:09:44:28 +0900] "GET / HTTP/1.1" 200 3477 "-" "Mozilla/5.0 (X11; Linux x86_64) AppleWebKit/537.36 (KHTML, like Gecko) Chrome/81.0.4044.142 Safari/537.36"
::1 - - [20/May/2020:10:44:28 +0900] "GET /icons/ubuntu-logo.png HTTP/1.1" 200 3623 "http://localhost/" "Mozilla/5.0 (X11; Linux x86_64) AppleWebKit/537.36 (KHTML, like Gecko) Chrome/81.0.4044.142 Safari/537.36"
::1 - - [20/May/2020:12:44:28 +0900] "GET /favicon.ico HTTP/1.1" 404 487 "http://localhost/" "Mozilla/5.0 (X11; Linux x86_64) AppleWebKit/537.36 (KHTML, like Gecko) Chrome/81.0.4044.142 Safari/537.36"
